.next/types/app/admin/categories/[id]/edit/page.ts(2,24): error TS2306: File 'D:/project/src/app/admin/categories/[id]/edit/page.tsx' is not a module.
.next/types/app/admin/categories/[id]/edit/page.ts(5,29): error TS2306: File 'D:/project/src/app/admin/categories/[id]/edit/page.tsx' is not a module.
.next/types/app/admin/categories/page.ts(2,24): error TS2306: File 'D:/project/src/app/admin/categories/page.tsx' is not a module.
.next/types/app/admin/categories/page.ts(5,29): error TS2306: File 'D:/project/src/app/admin/categories/page.tsx' is not a module.
.next/types/app/admin/certificates/page.ts(2,24): error TS2306: File 'D:/project/src/app/admin/certificates/page.tsx' is not a module.
.next/types/app/admin/certificates/page.ts(5,29): error TS2306: File 'D:/project/src/app/admin/certificates/page.tsx' is not a module.
.next/types/app/admin/comments/page.ts(2,24): error TS2306: File 'D:/project/src/app/admin/comments/page.tsx' is not a module.
.next/types/app/admin/comments/page.ts(5,29): error TS2306: File 'D:/project/src/app/admin/comments/page.tsx' is not a module.
.next/types/app/admin/dashboard/page.ts(2,24): error TS2306: File 'D:/project/src/app/admin/dashboard/page.tsx' is not a module.
.next/types/app/admin/dashboard/page.ts(5,29): error TS2306: File 'D:/project/src/app/admin/dashboard/page.tsx' is not a module.
.next/types/app/admin/logs/page.ts(2,24): error TS2306: File 'D:/project/src/app/admin/logs/page.tsx' is not a module.
.next/types/app/admin/logs/page.ts(5,29): error TS2306: File 'D:/project/src/app/admin/logs/page.tsx' is not a module.
.next/types/app/admin/reports/page.ts(2,24): error TS2306: File 'D:/project/src/app/admin/reports/page.tsx' is not a module.
.next/types/app/admin/reports/page.ts(5,29): error TS2306: File 'D:/project/src/app/admin/reports/page.tsx' is not a module.
.next/types/app/admin/settings/page.ts(2,24): error TS2306: File 'D:/project/src/app/admin/settings/page.tsx' is not a module.
.next/types/app/admin/settings/page.ts(5,29): error TS2306: File 'D:/project/src/app/admin/settings/page.tsx' is not a module.
.next/types/app/mentor/certificates/[id]/page.ts(2,24): error TS2306: File 'D:/project/src/app/mentor/certificates/[id]/page.tsx' is not a module.
.next/types/app/mentor/certificates/[id]/page.ts(5,29): error TS2306: File 'D:/project/src/app/mentor/certificates/[id]/page.tsx' is not a module.
.next/types/app/mentor/certificates/page.ts(2,24): error TS2306: File 'D:/project/src/app/mentor/certificates/page.tsx' is not a module.
.next/types/app/mentor/certificates/page.ts(5,29): error TS2306: File 'D:/project/src/app/mentor/certificates/page.tsx' is not a module.
.next/types/app/mentor/dashboard/page.ts(2,24): error TS2306: File 'D:/project/src/app/mentor/dashboard/page.tsx' is not a module.
.next/types/app/mentor/dashboard/page.ts(5,29): error TS2306: File 'D:/project/src/app/mentor/dashboard/page.tsx' is not a module.
.next/types/app/mentor/revenue/page.ts(2,24): error TS2306: File 'D:/project/src/app/mentor/revenue/page.tsx' is not a module.
.next/types/app/mentor/revenue/page.ts(5,29): error TS2306: File 'D:/project/src/app/mentor/revenue/page.tsx' is not a module.
.next/types/app/mentor/reviews/page.ts(2,24): error TS2306: File 'D:/project/src/app/mentor/reviews/page.tsx' is not a module.
.next/types/app/mentor/reviews/page.ts(5,29): error TS2306: File 'D:/project/src/app/mentor/reviews/page.tsx' is not a module.
.next/types/app/mentor/students-enrolled/page.ts(2,24): error TS2306: File 'D:/project/src/app/mentor/students-enrolled/page.tsx' is not a module.
.next/types/app/mentor/students-enrolled/page.ts(5,29): error TS2306: File 'D:/project/src/app/mentor/students-enrolled/page.tsx' is not a module.
.next/types/app/user/activity-logs/page.ts(2,24): error TS2306: File 'D:/project/src/app/user/activity-logs/page.tsx' is not a module.
.next/types/app/user/activity-logs/page.ts(5,29): error TS2306: File 'D:/project/src/app/user/activity-logs/page.tsx' is not a module.
.next/types/app/user/certificates/[id]/page.ts(2,24): error TS2306: File 'D:/project/src/app/user/certificates/[id]/page.tsx' is not a module.
.next/types/app/user/certificates/[id]/page.ts(5,29): error TS2306: File 'D:/project/src/app/user/certificates/[id]/page.tsx' is not a module.
.next/types/app/user/certificates/page.ts(2,24): error TS2306: File 'D:/project/src/app/user/certificates/page.tsx' is not a module.
.next/types/app/user/certificates/page.ts(5,29): error TS2306: File 'D:/project/src/app/user/certificates/page.tsx' is not a module.
.next/types/app/user/enrollments/[enrollmentId]/page.ts(2,24): error TS2306: File 'D:/project/src/app/user/enrollments/[enrollmentId]/page.tsx' is not a module.
.next/types/app/user/enrollments/[enrollmentId]/page.ts(5,29): error TS2306: File 'D:/project/src/app/user/enrollments/[enrollmentId]/page.tsx' is not a module.
.next/types/app/user/enrollments/page.ts(2,24): error TS2306: File 'D:/project/src/app/user/enrollments/page.tsx' is not a module.
.next/types/app/user/enrollments/page.ts(5,29): error TS2306: File 'D:/project/src/app/user/enrollments/page.tsx' is not a module.
.next/types/app/user/profile/page.ts(2,24): error TS2306: File 'D:/project/src/app/user/profile/page.tsx' is not a module.
.next/types/app/user/profile/page.ts(5,29): error TS2306: File 'D:/project/src/app/user/profile/page.tsx' is not a module.
.next/types/app/user/reviews/[id]/edit/page.ts(2,24): error TS2306: File 'D:/project/src/app/user/reviews/[id]/edit/page.tsx' is not a module.
.next/types/app/user/reviews/[id]/edit/page.ts(5,29): error TS2306: File 'D:/project/src/app/user/reviews/[id]/edit/page.tsx' is not a module.
.next/types/app/user/reviews/page.ts(2,24): error TS2306: File 'D:/project/src/app/user/reviews/page.tsx' is not a module.
.next/types/app/user/reviews/page.ts(5,29): error TS2306: File 'D:/project/src/app/user/reviews/page.tsx' is not a module.
.next/types/app/user/search/page.ts(2,24): error TS2306: File 'D:/project/src/app/user/search/page.tsx' is not a module.
.next/types/app/user/search/page.ts(5,29): error TS2306: File 'D:/project/src/app/user/search/page.tsx' is not a module.
.next/types/app/user/transaction/[id]/page.ts(2,24): error TS2306: File 'D:/project/src/app/user/transaction/[id]/page.tsx' is not a module.
.next/types/app/user/transaction/[id]/page.ts(5,29): error TS2306: File 'D:/project/src/app/user/transaction/[id]/page.tsx' is not a module.
.next/types/app/user/transaction/page.ts(2,24): error TS2306: File 'D:/project/src/app/user/transaction/page.tsx' is not a module.
.next/types/app/user/transaction/page.ts(5,29): error TS2306: File 'D:/project/src/app/user/transaction/page.tsx' is not a module.
.next/types/app/user/wishlist/page.ts(2,24): error TS2306: File 'D:/project/src/app/user/wishlist/page.tsx' is not a module.
.next/types/app/user/wishlist/page.ts(5,29): error TS2306: File 'D:/project/src/app/user/wishlist/page.tsx' is not a module.
src/app/admin/courses/page.tsx(315,26): error TS2802: Type 'Set<string | undefined>' can only be iterated through when using the '--downlevelIteration' flag or with a '--target' of 'es2015' or higher.
src/app/api/admin/courses/[id]/approve/route.ts(55,9): error TS2322: Type '{ status: "PUBLISHED"; is_published: true; approved_at: Date; approved_by: string; }' is not assignable to type '(Without<CourseUpdateInput, CourseUncheckedUpdateInput> & CourseUncheckedUpdateInput) | (Without<...> & CourseUpdateInput)'.
  Object literal may only specify known properties, and 'is_published' does not exist in type '(Without<CourseUpdateInput, CourseUncheckedUpdateInput> & CourseUncheckedUpdateInput) | (Without<...> & CourseUpdateInput)'.
src/app/api/admin/courses/[id]/approve/route.ts(64,9): error TS2322: Type '{ type: string; description: string; user_id: string; metadata: { course_id: string; course_title: string; mentor_id: string; }; }' is not assignable to type '(Without<ActivityLogCreateInput, ActivityLogUncheckedCreateInput> & ActivityLogUncheckedCreateInput) | (Without<...> & ActivityLogCreateInput)'.
  Object literal may only specify known properties, and 'type' does not exist in type 'Without<ActivityLogCreateInput, ActivityLogUncheckedCreateInput> & ActivityLogUncheckedCreateInput'.
src/app/api/admin/courses/[id]/reject/route.ts(64,9): error TS2322: Type '{ status: "DRAFT"; rejected_at: Date; rejected_reason: string | null; }' is not assignable to type '(Without<CourseUpdateInput, CourseUncheckedUpdateInput> & CourseUncheckedUpdateInput) | (Without<...> & CourseUpdateInput)'.
  Object literal may only specify known properties, and 'rejected_at' does not exist in type '(Without<CourseUpdateInput, CourseUncheckedUpdateInput> & CourseUncheckedUpdateInput) | (Without<...> & CourseUpdateInput)'.
src/app/api/admin/courses/[id]/reject/route.ts(72,9): error TS2322: Type '{ type: string; description: string; user_id: string; metadata: { course_id: string; course_title: string; mentor_id: string; reason: string | null; }; }' is not assignable to type '(Without<ActivityLogCreateInput, ActivityLogUncheckedCreateInput> & ActivityLogUncheckedCreateInput) | (Without<...> & ActivityLogCreateInput)'.
  Object literal may only specify known properties, and 'type' does not exist in type 'Without<ActivityLogCreateInput, ActivityLogUncheckedCreateInput> & ActivityLogUncheckedCreateInput'.
src/app/api/courses/[id]/comments/route.ts(123,62): error TS2339: Property 'errors' does not exist on type 'ZodError<{ content: string; parent_id?: string | undefined; material_id?: string | undefined; }>'.
src/app/api/videos/progress/route.ts(25,62): error TS2339: Property 'errors' does not exist on type 'ZodError<{ material_id: string; last_position?: number | undefined; watched_duration?: number | undefined; is_completed?: boolean | undefined; }>'.
src/app/api/videos/progress/route.ts(61,9): error TS2322: Type '{ user_id_material_id: { user_id: string; material_id: string; }; }' is not assignable to type 'ProgressWhereUniqueInput'.
  Object literal may only specify known properties, and 'user_id_material_id' does not exist in type 'ProgressWhereUniqueInput'.
src/app/api/videos/progress/route.ts(72,7): error TS2322: Type '{ user_id: string; material_id: string; last_position: number; watched_duration: number; is_completed: boolean; }' is not assignable to type '(Without<ProgressCreateInput, ProgressUncheckedCreateInput> & ProgressUncheckedCreateInput) | (Without<...> & ProgressCreateInput)'.
  Type '{ user_id: string; material_id: string; last_position: number; watched_duration: number; is_completed: boolean; }' is not assignable to type 'Without<ProgressCreateInput, ProgressUncheckedCreateInput> & ProgressUncheckedCreateInput'.
    Property 'enrollment_id' is missing in type '{ user_id: string; material_id: string; last_position: number; watched_duration: number; is_completed: boolean; }' but required in type 'ProgressUncheckedCreateInput'.
src/app/api/videos/progress/route.ts(139,9): error TS2322: Type '{ user_id_material_id: { user_id: string; material_id: string; }; }' is not assignable to type 'ProgressWhereUniqueInput'.
  Object literal may only specify known properties, and 'user_id_material_id' does not exist in type 'ProgressWhereUniqueInput'.
src/app/login/page.tsx(124,11): error TS7034: Variable 'userData' implicitly has type 'any' in some locations where its type cannot be determined.
src/app/login/page.tsx(154,35): error TS7005: Variable 'userData' implicitly has an 'any' type.
src/app/mentor/courses/[courseId]/sections/page.tsx(280,51): error TS2802: Type 'Set<string>' can only be iterated through when using the '--downlevelIteration' flag or with a '--target' of 'es2015' or higher.
src/app/mentor/courses/[courseId]/sections/page.tsx(361,21): error TS2345: Argument of type '(prev: Section[]) => { materials: (Material | { title: string; description: string | undefined; type: MaterialType; content: string | undefined; duration: number; ... 5 more ...; video?: { ...; } | undefined; })[]; ... 5 more ...; _count?: { ...; } | undefined; }[]' is not assignable to parameter of type 'SetStateAction<Section[]>'.
  Type '(prev: Section[]) => { materials: (Material | { title: string; description: string | undefined; type: MaterialType; content: string | undefined; duration: number; ... 5 more ...; video?: { ...; } | undefined; })[]; ... 5 more ...; _count?: { ...; } | undefined; }[]' is not assignable to type '(prevState: Section[]) => Section[]'.
    Type '{ materials: (Material | { title: string; description: string | undefined; type: MaterialType; content: string | undefined; duration: number; is_free: boolean; ... 4 more ...; video?: { ...; } | undefined; })[]; ... 5 more ...; _count?: { ...; } | undefined; }[]' is not assignable to type 'Section[]'.
      Type '{ materials: (Material | { title: string; description: string | undefined; type: MaterialType; content: string | undefined; duration: number; is_free: boolean; ... 4 more ...; video?: { ...; } | undefined; })[]; ... 5 more ...; _count?: { ...; } | undefined; }' is not assignable to type 'Section'.
        Types of property 'materials' are incompatible.
          Type '(Material | { title: string; description: string | undefined; type: MaterialType; content: string | undefined; duration: number; is_free: boolean; id: string; video_id: string | null; document_url: string | null; order: number; video?: { ...; } | undefined; })[]' is not assignable to type 'Material[]'.
            Type 'Material | { title: string; description: string | undefined; type: MaterialType; content: string | undefined; duration: number; is_free: boolean; id: string; video_id: string | null; document_url: string | null; order: number; video?: { ...; } | undefined; }' is not assignable to type 'Material'.
              Type '{ title: string; description: string | undefined; type: MaterialType; content: string | undefined; duration: number; is_free: boolean; id: string; video_id: string | null; document_url: string | null; order: number; video?: { ...; } | undefined; }' is not assignable to type 'Material'.
                Types of property 'description' are incompatible.
                  Type 'string | undefined' is not assignable to type 'string | null'.
                    Type 'undefined' is not assignable to type 'string | null'.
src/app/user/courses/[id]/player/page.tsx(516,24): error TS18048: 'currentMaterial.duration' is possibly 'undefined'.
src/app/user/courses/[id]/player/page.tsx(519,43): error TS18047: 'currentMaterial' is possibly 'null'.
